MPLINK 4.49, Linker
Linker Map File - Created Tue Apr 16 11:43:42 2019

                                 Section Info
                  Section       Type    Address   Location Size(Bytes)
                ---------  ---------  ---------  ---------  ---------
                   .org_0       code   0x000000    program   0x000000
                   .org_1       code   0x000000    program   0x000004
                   .org_2       code   0x000030    program   0x000138
                   .org_3       code   0x000800    program   0x000010
.config_300001_EXTERNALBUZZER.O    romdata   0x300001    program   0x000001
.config_300002_EXTERNALBUZZER.O    romdata   0x300002    program   0x000001
.config_300003_EXTERNALBUZZER.O    romdata   0x300003    program   0x000001
.config_300005_EXTERNALBUZZER.O    romdata   0x300005    program   0x000001
.config_300006_EXTERNALBUZZER.O    romdata   0x300006    program   0x000001
.config_300008_EXTERNALBUZZER.O    romdata   0x300008    program   0x000001
.config_300009_EXTERNALBUZZER.O    romdata   0x300009    program   0x000001
.config_30000A_EXTERNALBUZZER.O    romdata   0x30000a    program   0x000001
.config_30000B_EXTERNALBUZZER.O    romdata   0x30000b    program   0x000001
.config_30000C_EXTERNALBUZZER.O    romdata   0x30000c    program   0x000001
.config_30000D_EXTERNALBUZZER.O    romdata   0x30000d    program   0x000001



                              Program Memory Usage 
                               Start         End      
                           ---------   ---------      
                            0x000000    0x000003      
                            0x000030    0x000167      
                            0x000800    0x00080f      
                            0x300001    0x300003      
                            0x300005    0x300006      
                            0x300008    0x30000d      
            343 out of 33048 program addresses used, program memory utilization is 1%



                              Symbols - Sorted by Name
                     Name    Address   Location    Storage File                     
                ---------  ---------  ---------  --------- ---------                
                       A1   0x000108    program     static C:\Users\Lear\Desktop\ExternalBuzzer.asm
                       A2   0x000104    program     static C:\Users\Lear\Desktop\ExternalBuzzer.asm
                  GetFreq   0x0000f0    program     static C:\Users\Lear\Desktop\ExternalBuzzer.asm
                  GetNote   0x000076    program     static C:\Users\Lear\Desktop\ExternalBuzzer.asm
               Lookup7Seg   0x0000c8    program     static C:\Users\Lear\Desktop\ExternalBuzzer.asm
                      Lp1   0x00010e    program     static C:\Users\Lear\Desktop\ExternalBuzzer.asm
                      Lp2   0x000118    program     static C:\Users\Lear\Desktop\ExternalBuzzer.asm
                     Main   0x000050    program     static C:\Users\Lear\Desktop\ExternalBuzzer.asm
                       N1   0x000158    program     static C:\Users\Lear\Desktop\ExternalBuzzer.asm
                       N2   0x00015c    program     static C:\Users\Lear\Desktop\ExternalBuzzer.asm
                 NextNote   0x000130    program     static C:\Users\Lear\Desktop\ExternalBuzzer.asm
                    Pause   0x000154    program     static C:\Users\Lear\Desktop\ExternalBuzzer.asm
              PeriodTable   0x000800    program     static C:\Users\Lear\Desktop\ExternalBuzzer.asm
               PlayRecord   0x000128    program     static C:\Users\Lear\Desktop\ExternalBuzzer.asm
                PlaySound   0x000100    program     static C:\Users\Lear\Desktop\ExternalBuzzer.asm
                    Setup   0x000030    program     static C:\Users\Lear\Desktop\ExternalBuzzer.asm



                              Symbols - Sorted by Address
                     Name    Address   Location    Storage File                     
                ---------  ---------  ---------  --------- ---------                
                    Setup   0x000030    program     static C:\Users\Lear\Desktop\ExternalBuzzer.asm
                     Main   0x000050    program     static C:\Users\Lear\Desktop\ExternalBuzzer.asm
                  GetNote   0x000076    program     static C:\Users\Lear\Desktop\ExternalBuzzer.asm
               Lookup7Seg   0x0000c8    program     static C:\Users\Lear\Desktop\ExternalBuzzer.asm
                  GetFreq   0x0000f0    program     static C:\Users\Lear\Desktop\ExternalBuzzer.asm
                PlaySound   0x000100    program     static C:\Users\Lear\Desktop\ExternalBuzzer.asm
                       A2   0x000104    program     static C:\Users\Lear\Desktop\ExternalBuzzer.asm
                       A1   0x000108    program     static C:\Users\Lear\Desktop\ExternalBuzzer.asm
                      Lp1   0x00010e    program     static C:\Users\Lear\Desktop\ExternalBuzzer.asm
                      Lp2   0x000118    program     static C:\Users\Lear\Desktop\ExternalBuzzer.asm
               PlayRecord   0x000128    program     static C:\Users\Lear\Desktop\ExternalBuzzer.asm
                 NextNote   0x000130    program     static C:\Users\Lear\Desktop\ExternalBuzzer.asm
                    Pause   0x000154    program     static C:\Users\Lear\Desktop\ExternalBuzzer.asm
                       N1   0x000158    program     static C:\Users\Lear\Desktop\ExternalBuzzer.asm
                       N2   0x00015c    program     static C:\Users\Lear\Desktop\ExternalBuzzer.asm
              PeriodTable   0x000800    program     static C:\Users\Lear\Desktop\ExternalBuzzer.asm


